FAILED: ParseException line 3:45 missing ) at 'sort' near 'p_mfgr'
line 3:59 missing EOF at ')' near 'p_mfgr'
