FAILED: ParseException line 2:44 mismatched input 'following' expecting KW_PRECEDING near 'unbounded' in windowframestartboundary
