FAILED: ParseException line 2:45 mismatched input 'following' expecting KW_PRECEDING near 'unbounded' in windowframestartboundary
