FAILED: ParseException line 3:46 missing ) at 'order' near 'p_mfgr'
line 3:61 missing EOF at ')' near 'p_mfgr'
