FAILED: ParseException line 2:32 cannot recognize input near '(' 'INSERT' 'OVERWRITE' in joinSource
